MPASM  5.20                        TUT3_4.ASM   9-4-2009  13:58:45         PAGE  1


LOC  OBJECT CODE     LINE SOURCE TEXT
  VALUE

                      00001 ;LCD and keys
                      00002 ;Nigel Goodwin 2002
                      00003 
Warning[215]: Processor superseded by command line.  Verify processor symbol.
                      00004         LIST    p=16F628                ;tell assembler what chip we are using
                      00005         include "P16F628.inc"           ;include the defaults for the chip
                      00001         LIST
                      00002 ; P16F628.INC  Standard Header File, Version 1.01    Microchip Technology, Inc.
Message[301]: MESSAGE: (Processor-header file mismatch.  Verify selected processor.)
                      00261         LIST
                      00006         ERRORLEVEL      0,      -302    ;suppress bank selection messages
2007   3D18           00007         __config 0x3D18                 ;sets the configuration settings (oscillator type etc.)
                      00008 
                      00009 
                      00010 
                      00011 
                      00012                 cblock  0x20                    ;start of general purpose registers
  00000020            00013                         count                   ;used in looping routines
  00000021            00014                         count1                  ;used in delay routine
  00000022            00015                         counta                  ;used in delay routine
  00000023            00016                         countb                  ;used in delay routine
  00000024            00017                         tmp1                    ;temporary storage
  00000025            00018                         tmp2
  00000026            00019                         templcd                 ;temp store for 4 bit mode
  00000027            00020                         templcd2
  00000028            00021                         flags
  00000029            00022                         menupos                 ;menu level     
                      00023                 endc
                      00024 
  00000005            00025 LCD_PORT        Equ     PORTA
  00000085            00026 LCD_TRIS        Equ     TRISA
  00000004            00027 LCD_RS          Equ     0x04                    ;LCD handshake lines
  00000006            00028 LCD_RW          Equ     0x06
  00000007            00029 LCD_E           Equ     0x07
                      00030 
  00000006            00031 SWPORT          Equ     PORTB                   ;set constant SWPORT = 'PORTB'
  00000006            00032 LEDPORT         Equ     PORTB
  00000086            00033 SWTRIS          Equ     TRISB                   ;set constant for TRIS register
  00000007            00034 SW1             Equ     7                       ;set constants for the switches
  00000006            00035 SW2             Equ     6
  00000005            00036 SW3             Equ     5
  00000004            00037 SW4             Equ     4
  00000003            00038 LED1            Equ     3                       ;and for the LED's
  00000002            00039 LED2            Equ     2
  00000001            00040 LED3            Equ     1
  00000000            00041 LED4            Equ     0
                      00042 
  00000000            00043 change          Equ     0
                      00044 
Error[151]  : Operand contains unresolvable labels or is too complex
  00000000            00045 SWDel           Set     Delay50                 ;set the de-bounce delay (has to use 'Set' and not 'Equ'
                            )
                      00046 
MPASM  5.20                        TUT3_4.ASM   9-4-2009  13:58:45         PAGE  2


LOC  OBJECT CODE     LINE SOURCE TEXT
  VALUE

                      00047                 org     0x0000
0000   2???           00048                 goto    Start
                      00049 
0001   0782           00050 HEX_Table       ADDWF   PCL       , f
0002   3430           00051                 RETLW   0x30
0003   3431           00052                 RETLW   0x31
0004   3432           00053                 RETLW   0x32
0005   3433           00054                 RETLW   0x33
0006   3434           00055                 RETLW   0x34
0007   3435           00056                 RETLW   0x35
0008   3436           00057                 RETLW   0x36
0009   3437           00058                 RETLW   0x37
000A   3438           00059                 RETLW   0x38
000B   3439           00060                 RETLW   0x39
000C   3441           00061                 RETLW   0x41
000D   3442           00062                 RETLW   0x42
000E   3443           00063                 RETLW   0x43
000F   3444           00064                 RETLW   0x44
0010   3445           00065                 RETLW   0x45
0011   3446           00066                 RETLW   0x46
                      00067 
0012   0782           00068 Menu            addwf   PCL, f
0013   3450           00069                 retlw   'P'
0014   3472           00070                 retlw   'r'
0015   3465           00071                 retlw   'e'
0016   3473           00072                 retlw   's'
0017   3473           00073                 retlw   's'
0018   3420           00074                 retlw   ' '
0019   346D           00075                 retlw   'm'
001A   3465           00076                 retlw   'e'
001B   346E           00077                 retlw   'n'
001C   3475           00078                 retlw   'u'
001D   342E           00079                 retlw   '.'
001E   3400           00080                 retlw   0x00
                      00081 
                      00082 
001F   0782           00083 Menu1           addwf   PCL, f
0020   344D           00084                 retlw   'M'
0021   3465           00085                 retlw   'e'
0022   346E           00086                 retlw   'n'
0023   3475           00087                 retlw   'u'
0024   3420           00088                 retlw   ' '
0025   3431           00089                 retlw   '1'
0026   3400           00090                 retlw   0x00
                      00091 
0027   0782           00092 Menu2           addwf   PCL, f
0028   344D           00093                 retlw   'M'
0029   3465           00094                 retlw   'e'
002A   346E           00095                 retlw   'n'
002B   3475           00096                 retlw   'u'
002C   3420           00097                 retlw   ' '
002D   3432           00098                 retlw   '2'
002E   3400           00099                 retlw   0x00
MPASM  5.20                        TUT3_4.ASM   9-4-2009  13:58:45         PAGE  3


LOC  OBJECT CODE     LINE SOURCE TEXT
  VALUE

                      00100 
002F   0782           00101 Menu3           addwf   PCL, f
0030   344D           00102                 retlw   'M'
0031   3465           00103                 retlw   'e'
0032   346E           00104                 retlw   'n'
0033   3475           00105                 retlw   'u'
0034   3420           00106                 retlw   ' '
0035   3433           00107                 retlw   '3'
0036   3400           00108                 retlw   0x00
                      00109 
0037   0782           00110 Menu4           addwf   PCL, f
0038   344D           00111                 retlw   'M'
0039   3465           00112                 retlw   'e'
003A   346E           00113                 retlw   'n'
003B   3475           00114                 retlw   'u'
003C   3420           00115                 retlw   ' '
003D   3434           00116                 retlw   '4'
003E   3400           00117                 retlw   0x00
                      00118 
003F   0782           00119 Menu5           addwf   PCL, f
0040   344D           00120                 retlw   'M'
0041   3465           00121                 retlw   'e'
0042   346E           00122                 retlw   'n'
0043   3475           00123                 retlw   'u'
0044   3420           00124                 retlw   ' '
0045   3435           00125                 retlw   '5'
0046   3400           00126                 retlw   0x00
                      00127 
0047   0782           00128 Menu6           addwf   PCL, f
0048   344D           00129                 retlw   'M'
0049   3465           00130                 retlw   'e'
004A   346E           00131                 retlw   'n'
004B   3475           00132                 retlw   'u'
004C   3420           00133                 retlw   ' '
004D   3436           00134                 retlw   '6'
004E   3400           00135                 retlw   0x00
                      00136 
                      00137 
004F   3007           00138 Start           movlw   0x07
0050   009F           00139                 movwf   CMCON                   ;turn comparators off (make it like a 16F84)
                      00140 
0051   01A0           00141 Initialise      clrf    count
0052   0185           00142                 clrf    PORTA
0053   0186           00143                 clrf    PORTB
0054   01A9           00144                 clrf    menupos
0055   01A8           00145                 clrf    flags
                      00146 
                      00147 
0056   1683           00148 SetPorts        bsf     STATUS,         RP0     ;select bank 1
0057   3000           00149                 movlw   0x00                    ;make all pins outputs
0058   0085           00150                 movwf   LCD_TRIS
0059   30F0           00151                 movlw   0xf0
005A   0086           00152                 movwf   SWTRIS
MPASM  5.20                        TUT3_4.ASM   9-4-2009  13:58:45         PAGE  4


LOC  OBJECT CODE     LINE SOURCE TEXT
  VALUE

005B   1283           00153                 bcf     STATUS,         RP0     ;select bank 0
                      00154 
005C   2???           00155                 call    LCD_Init                ;setup LCD
                      00156 
005D   2???           00157                 call    MainText
                      00158 
005E   1F86           00159 Loop            btfss   SWPORT, SW1
005F   2???           00160                 call    Switch1
0060   1F06           00161                 btfss   SWPORT, SW2
0061   2???           00162                 call    Switch2
0062   1E86           00163                 btfss   SWPORT, SW3
0063   2???           00164                 call    Switch3
0064   1E06           00165                 btfss   SWPORT, SW4
0065   2???           00166                 call    Switch4
0066   1C28           00167                 btfss   flags,  change
0067   2???           00168                 goto    Loop
0068   0829           00169                 movf    menupos,        w
0069   3A01           00170                 xorlw   0x01                    ;is it a zero?
006A   1903           00171                 btfsc   STATUS, Z
006B   2???           00172                 call    MainText
006C   0829           00173                 movf    menupos,        w
006D   3A02           00174                 xorlw   0x02                    ;is it a two?
006E   1903           00175                 btfsc   STATUS, Z
006F   2???           00176                 call    DoMenu1
0070   2???           00177                 goto    Loop
                      00178 
0071   2???           00179 MainText        call    LCD_Clr
0072   01A0           00180                 clrf    count                   ;set counter register to zero
0073   0820           00181 Message         movf    count, w                ;put counter value in W
0074   2???           00182                 call    Menu                    ;get a character from the text table
0075   3A00           00183                 xorlw   0x00                    ;is it a zero?
0076   1903           00184                 btfsc   STATUS, Z
0077   2???           00185                 goto    EndMess
0078   2???           00186                 call    LCD_Char
0079   0AA0           00187                 incf    count, f
007A   2???           00188                 goto    Message
007B   1028           00189 EndMess         bcf     flags,  change
007C   3400           00190                 retlw   0x00
                      00191 
007D   2???           00192 DoMenu1         call    LCD_Clr
007E   01A0           00193                 clrf    count                   ;set counter register to zero
007F   0820           00194 Message1        movf    count, w                ;put counter value in W
0080   2???           00195                 call    Menu1                   ;get a character from the text table
0081   3A00           00196                 xorlw   0x00                    ;is it a zero?
0082   1903           00197                 btfsc   STATUS, Z
0083   2???           00198                 goto    Mess1
0084   2???           00199                 call    LCD_Char
0085   0AA0           00200                 incf    count, f
0086   2???           00201                 goto    Message1
0087   2???           00202 Mess1           call    LCD_Line2
0088   01A0           00203                 clrf    count                   ;set counter register to zero
0089   0820           00204 Message2        movf    count, w                ;put counter value in W
008A   2???           00205                 call    Menu2                   ;get a character from the text table
MPASM  5.20                        TUT3_4.ASM   9-4-2009  13:58:45         PAGE  5


LOC  OBJECT CODE     LINE SOURCE TEXT
  VALUE

008B   3A00           00206                 xorlw   0x00                    ;is it a zero?
008C   1903           00207                 btfsc   STATUS, Z
008D   2???           00208                 goto    EndMess2
008E   2???           00209                 call    LCD_Char
008F   0AA0           00210                 incf    count, f
0090   2???           00211                 goto    Message2
0091   1028           00212 EndMess2        bcf     flags,  change
0092   3400           00213                 retlw   0x00
                      00214 
0093   2000           00215 Switch1         call    SWDel                   ;give switch time to stop bouncing
0094   1B86           00216                 btfsc   SWPORT, SW1             ;check it's still pressed
0095   3400           00217                 retlw   0x00                    ;return is not
0096   1D86           00218                 btfss   SWPORT, LED1            ;see if LED1 is already lit
0097   2???           00219                 goto    LED1ON
0098   2???           00220                 goto    LED1OFF
                      00221 
0099   1586           00222 LED1ON          bsf     LEDPORT,        LED1    ;turn LED1 on
009A   3002           00223                 movlw   0x02
009B   00A9           00224                 movwf   menupos
009C   1428           00225                 bsf     flags,  change
009D   2000           00226                 call    SWDel
009E   1B86           00227                 btfsc   SWPORT, SW1             ;wait until button is released
009F   3400           00228                 retlw   0x00
00A0   2???           00229                 goto    LED1ON  
                      00230 
00A1   1186           00231 LED1OFF         bcf     LEDPORT,        LED1    ;turn LED1 on
00A2   3001           00232                 movlw   0x01
00A3   00A9           00233                 movwf   menupos
00A4   1428           00234                 bsf     flags,  change
00A5   2000           00235                 call    SWDel
00A6   1B86           00236                 btfsc   SWPORT, SW1             ;wait until button is released
00A7   3400           00237                 retlw   0x00
00A8   2???           00238                 goto    LED1OFF         
                      00239 
00A9   2000           00240 Switch2         call    SWDel                   ;give switch time to stop bouncing
00AA   1B06           00241                 btfsc   SWPORT, SW2             ;check it's still pressed
00AB   3400           00242                 retlw   0x00                    ;return is not
00AC   1D06           00243                 btfss   SWPORT, LED2            ;see if LED2 is already lit
00AD   2???           00244                 goto    LED2ON
00AE   2???           00245                 goto    LED2OFF
                      00246 
00AF   1506           00247 LED2ON          bsf     LEDPORT,        LED2    ;turn LED2 on
00B0   2000           00248                 call    SWDel
00B1   1B06           00249                 btfsc   SWPORT, SW2             ;wait until button is released
00B2   3400           00250                 retlw   0x00
00B3   2???           00251                 goto    LED2ON  
                      00252 
00B4   1106           00253 LED2OFF         bcf     LEDPORT,        LED2    ;turn LED2 on
00B5   2000           00254                 call    SWDel
00B6   1B06           00255                 btfsc   SWPORT, SW2             ;wait until button is released
00B7   3400           00256                 retlw   0x00
00B8   2???           00257                 goto    LED2OFF
                      00258 
MPASM  5.20                        TUT3_4.ASM   9-4-2009  13:58:45         PAGE  6


LOC  OBJECT CODE     LINE SOURCE TEXT
  VALUE

00B9   2000           00259 Switch3         call    SWDel                   ;give switch time to stop bouncing
00BA   1A86           00260                 btfsc   SWPORT, SW3             ;check it's still pressed
00BB   3400           00261                 retlw   0x00                    ;return is not
00BC   1C86           00262                 btfss   SWPORT, LED3            ;see if LED3 is already lit
00BD   2???           00263                 goto    LED3ON
00BE   2???           00264                 goto    LED3OFF
                      00265 
00BF   1486           00266 LED3ON          bsf     LEDPORT,        LED3    ;turn LED3 on
00C0   2000           00267                 call    SWDel
00C1   1A86           00268                 btfsc   SWPORT, SW3             ;wait until button is released
00C2   3400           00269                 retlw   0x00
00C3   2???           00270                 goto    LED3ON  
                      00271 
00C4   1086           00272 LED3OFF         bcf     LEDPORT,        LED3    ;turn LED3 on
00C5   2000           00273                 call    SWDel
00C6   1A86           00274                 btfsc   SWPORT, SW3             ;wait until button is released
00C7   3400           00275                 retlw   0x00
00C8   2???           00276                 goto    LED3OFF
                      00277 
00C9   2000           00278 Switch4         call    SWDel                   ;give switch time to stop bouncing
00CA   1A06           00279                 btfsc   SWPORT, SW4             ;check it's still pressed
00CB   3400           00280                 retlw   0x00                    ;return is not
00CC   1C06           00281                 btfss   SWPORT, LED4            ;see if LED4 is already lit
00CD   2???           00282                 goto    LED4ON
00CE   2???           00283                 goto    LED4OFF
                      00284 
00CF   1406           00285 LED4ON          bsf     LEDPORT,        LED4    ;turn LED4 on
00D0   2000           00286                 call    SWDel
00D1   1A06           00287                 btfsc   SWPORT, SW4             ;wait until button is released
00D2   3400           00288                 retlw   0x00
00D3   2???           00289                 goto    LED4ON  
                      00290 
00D4   1006           00291 LED4OFF         bcf     LEDPORT,        LED4    ;turn LED4 on
00D5   2000           00292                 call    SWDel
00D6   1A06           00293                 btfsc   SWPORT, SW4             ;wait until button is released
00D7   3400           00294                 retlw   0x00
00D8   2???           00295                 goto    LED4OFF
                      00296 
                      00297 
                      00298 
                      00299 ;Subroutines and text tables
                      00300 
                      00301 ;LCD routines
                      00302 
                      00303 ;Initialise LCD
00D9   2???           00304 LCD_Init        call    Delay100                ;wait for LCD to settle
                      00305 
00DA   3020           00306                 movlw   0x20                    ;Set 4 bit mode
00DB   2???           00307                 call    LCD_Cmd
                      00308 
00DC   3028           00309                 movlw   0x28                    ;Set display shift
00DD   2???           00310                 call    LCD_Cmd
                      00311 
MPASM  5.20                        TUT3_4.ASM   9-4-2009  13:58:45         PAGE  7


LOC  OBJECT CODE     LINE SOURCE TEXT
  VALUE

00DE   3006           00312                 movlw   0x06                    ;Set display character mode
00DF   2???           00313                 call    LCD_Cmd
                      00314 
00E0   300C           00315                 movlw   0x0c                    ;Set display on/off and cursor command
00E1   2???           00316                 call    LCD_Cmd                 ;Set cursor off
                      00317 
00E2   2???           00318                 call    LCD_Clr                 ;clear display
                      00319 
00E3   3400           00320                 retlw   0x00
                      00321 
                      00322 ; command set routine
00E4   00A6           00323 LCD_Cmd         movwf   templcd
00E5   0E26           00324                 swapf   templcd,        w       ;send upper nibble
00E6   390F           00325                 andlw   0x0f                    ;clear upper 4 bits of W
00E7   0085           00326                 movwf   LCD_PORT
00E8   1205           00327                 bcf     LCD_PORT, LCD_RS        ;RS line to 1
00E9   2???           00328                 call    Pulse_e                 ;Pulse the E line high
                      00329 
00EA   0826           00330                 movf    templcd,        w       ;send lower nibble
00EB   390F           00331                 andlw   0x0f                    ;clear upper 4 bits of W
00EC   0085           00332                 movwf   LCD_PORT
00ED   1205           00333                 bcf     LCD_PORT, LCD_RS        ;RS line to 1
00EE   2???           00334                 call    Pulse_e                 ;Pulse the E line high
00EF   2???           00335                 call    Delay5
00F0   3400           00336                 retlw   0x00
                      00337 
00F1   3E30           00338 LCD_CharD       addlw   0x30                    ;add 0x30 to convert to ASCII
00F2   00A6           00339 LCD_Char        movwf   templcd
00F3   0E26           00340                 swapf   templcd,        w       ;send upper nibble
00F4   390F           00341                 andlw   0x0f                    ;clear upper 4 bits of W
00F5   0085           00342                 movwf   LCD_PORT
00F6   1605           00343                 bsf     LCD_PORT, LCD_RS        ;RS line to 1
00F7   2???           00344                 call    Pulse_e                 ;Pulse the E line high
                      00345 
00F8   0826           00346                 movf    templcd,        w       ;send lower nibble
00F9   390F           00347                 andlw   0x0f                    ;clear upper 4 bits of W
00FA   0085           00348                 movwf   LCD_PORT
00FB   1605           00349                 bsf     LCD_PORT, LCD_RS        ;RS line to 1
00FC   2???           00350                 call    Pulse_e                 ;Pulse the E line high
00FD   2???           00351                 call    Delay5
00FE   3400           00352                 retlw   0x00
                      00353 
00FF   3080           00354 LCD_Line1       movlw   0x80                    ;move to 1st row, first column
0100   2???           00355                 call    LCD_Cmd
0101   3400           00356                 retlw   0x00
                      00357 
0102   30C0           00358 LCD_Line2       movlw   0xc0                    ;move to 2nd row, first column
0103   2???           00359                 call    LCD_Cmd
0104   3400           00360                 retlw   0x00
                      00361 
0105   3E80           00362 LCD_Line1W      addlw   0x80                    ;move to 1st row, column W
0106   2???           00363                 call    LCD_Cmd
0107   3400           00364                 retlw   0x00
MPASM  5.20                        TUT3_4.ASM   9-4-2009  13:58:45         PAGE  8


LOC  OBJECT CODE     LINE SOURCE TEXT
  VALUE

                      00365 
0108   3EC0           00366 LCD_Line2W      addlw   0xc0                    ;move to 2nd row, column W
0109   2???           00367                 call    LCD_Cmd
010A   3400           00368                 retlw   0x00
                      00369 
                      00370 
010B   300D           00371 LCD_CurOn       movlw   0x0d                    ;Set display on/off and cursor command
010C   2???           00372                 call    LCD_Cmd
010D   3400           00373                 retlw   0x00
                      00374 
010E   300C           00375 LCD_CurOff      movlw   0x0c                    ;Set display on/off and cursor command
010F   2???           00376                 call    LCD_Cmd
0110   3400           00377                 retlw   0x00
                      00378 
0111   3001           00379 LCD_Clr         movlw   0x01                    ;Clear display
0112   2???           00380                 call    LCD_Cmd
0113   3400           00381                 retlw   0x00
                      00382 
0114   00A4           00383 LCD_HEX         movwf   tmp1
0115   0E24           00384                 swapf   tmp1,   w
0116   390F           00385                 andlw   0x0f
0117   2???           00386                 call    HEX_Table
0118   2???           00387                 call    LCD_Char
0119   0824           00388                 movf    tmp1, w
011A   390F           00389                 andlw   0x0f
011B   2???           00390                 call    HEX_Table
011C   2???           00391                 call    LCD_Char
011D   3400           00392                 retlw   0x00
                      00393 
011E   30FF           00394 Delay255        movlw   0xff            ;delay 255 mS
011F   2???           00395                 goto    d0
0120   3064           00396 Delay100        movlw   d'100'          ;delay 100mS
0121   2???           00397                 goto    d0
0122   3032           00398 Delay50         movlw   d'50'           ;delay 50mS
0123   2???           00399                 goto    d0
0124   3014           00400 Delay20         movlw   d'20'           ;delay 20mS
0125   2???           00401                 goto    d0
0126   3005           00402 Delay5          movlw   0x05            ;delay 5.000 ms (4 MHz clock)
0127   00A1           00403 d0              movwf   count1
0128   30C7           00404 d1              movlw   0xC7                    ;delay 1mS
0129   00A2           00405                 movwf   counta
012A   3001           00406                 movlw   0x01
012B   00A3           00407                 movwf   countb
012C                  00408 Delay_0
012C   0BA2           00409                 decfsz  counta, f
012D   2???           00410                 goto    $+2
012E   0BA3           00411                 decfsz  countb, f
012F   2???           00412                 goto    Delay_0
                      00413 
0130   0BA1           00414                 decfsz  count1  ,f
0131   2???           00415                 goto    d1
0132   3400           00416                 retlw   0x00
                      00417 
MPASM  5.20                        TUT3_4.ASM   9-4-2009  13:58:45         PAGE  9


LOC  OBJECT CODE     LINE SOURCE TEXT
  VALUE

0133   1785           00418 Pulse_e         bsf     LCD_PORT, LCD_E
0134   0000           00419                 nop
0135   1385           00420                 bcf     LCD_PORT, LCD_E
0136   3400           00421                 retlw   0x00
                      00422 
                      00423 ;end of LCD routines
                      00424 
                      00425 
                      00426                 end
MPASM  5.20                        TUT3_4.ASM   9-4-2009  13:58:45         PAGE 10


SYMBOL TABLE
  LABEL                             VALUE 

ADEN                              00000003
BRGH                              00000002
C                                 00000000
C1INV                             00000004
C1OUT                             00000006
C2INV                             00000005
C2OUT                             00000007
CCP1CON                           00000017
CCP1IE                            00000002
CCP1IF                            00000002
CCP1M0                            00000000
CCP1M1                            00000001
CCP1M2                            00000002
CCP1M3                            00000003
CCP1X                             00000005
CCP1Y                             00000004
CCPR1H                            00000016
CCPR1L                            00000015
CIS                               00000003
CM0                               00000000
CM1                               00000001
CM2                               00000002
CMCON                             0000001F
CMIE                              00000006
CMIF                              00000006
CREN                              00000004
CSRC                              00000007
DC                                00000001
Delay100                          00000120
Delay20                           00000124
Delay255                          0000011E
Delay5                            00000126
Delay50                           00000122
Delay_0                           0000012C
DoMenu1                           0000007D
EEADR                             0000009B
EECON1                            0000009C
EECON2                            0000009D
EEDATA                            0000009A
EEIE                              00000007
EEIF                              00000007
EndMess                           0000007B
EndMess2                          00000091
F                                 00000001
FERR                              00000002
FSR                               00000004
GIE                               00000007
HEX_Table                         00000001
INDF                              00000000
INTCON                            0000000B
INTE                              00000004
INTEDG                            00000006
INTF                              00000001
MPASM  5.20                        TUT3_4.ASM   9-4-2009  13:58:45         PAGE 11


SYMBOL TABLE
  LABEL                             VALUE 

IRP                               00000007
Initialise                        00000051
LCD_Char                          000000F2
LCD_CharD                         000000F1
LCD_Clr                           00000111
LCD_Cmd                           000000E4
LCD_CurOff                        0000010E
LCD_CurOn                         0000010B
LCD_E                             00000007
LCD_HEX                           00000114
LCD_Init                          000000D9
LCD_Line1                         000000FF
LCD_Line1W                        00000105
LCD_Line2                         00000102
LCD_Line2W                        00000108
LCD_PORT                          00000005
LCD_RS                            00000004
LCD_RW                            00000006
LCD_TRIS                          00000085
LED1                              00000003
LED1OFF                           000000A1
LED1ON                            00000099
LED2                              00000002
LED2OFF                           000000B4
LED2ON                            000000AF
LED3                              00000001
LED3OFF                           000000C4
LED3ON                            000000BF
LED4                              00000000
LED4OFF                           000000D4
LED4ON                            000000CF
LEDPORT                           00000006
Loop                              0000005E
MainText                          00000071
Menu                              00000012
Menu1                             0000001F
Menu2                             00000027
Menu3                             0000002F
Menu4                             00000037
Menu5                             0000003F
Menu6                             00000047
Mess1                             00000087
Message                           00000073
Message1                          0000007F
Message2                          00000089
NOT_BO                            00000000
NOT_BOD                           00000000
NOT_BOR                           00000000
NOT_PD                            00000003
NOT_POR                           00000001
NOT_RBPU                          00000007
NOT_T1SYNC                        00000002
NOT_TO                            00000004
MPASM  5.20                        TUT3_4.ASM   9-4-2009  13:58:45         PAGE 12


SYMBOL TABLE
  LABEL                             VALUE 

OERR                              00000001
OPTION_REG                        00000081
OSCF                              00000003
PCL                               00000002
PCLATH                            0000000A
PCON                              0000008E
PEIE                              00000006
PIE1                              0000008C
PIR1                              0000000C
PORTA                             00000005
PORTB                             00000006
PR2                               00000092
PS0                               00000000
PS1                               00000001
PS2                               00000002
PSA                               00000003
Pulse_e                           00000133
RBIE                              00000003
RBIF                              00000000
RCIE                              00000005
RCIF                              00000005
RCREG                             0000001A
RCSTA                             00000018
RD                                00000000
RP0                               00000005
RP1                               00000006
RX9                               00000006
RX9D                              00000000
SPBRG                             00000099
SPEN                              00000007
SREN                              00000005
STATUS                            00000003
SW1                               00000007
SW2                               00000006
SW3                               00000005
SW4                               00000004
SWDel                             00000000
SWPORT                            00000006
SWTRIS                            00000086
SYNC                              00000004
SetPorts                          00000056
Start                             0000004F
Switch1                           00000093
Switch2                           000000A9
Switch3                           000000B9
Switch4                           000000C9
T0CS                              00000005
T0IE                              00000005
T0IF                              00000002
T0SE                              00000004
T1CKPS0                           00000004
T1CKPS1                           00000005
T1CON                             00000010
MPASM  5.20                        TUT3_4.ASM   9-4-2009  13:58:45         PAGE 13


SYMBOL TABLE
  LABEL                             VALUE 

T1OSCEN                           00000003
T2CKPS0                           00000000
T2CKPS1                           00000001
T2CON                             00000012
TMR0                              00000001
TMR1CS                            00000001
TMR1H                             0000000F
TMR1IE                            00000000
TMR1IF                            00000000
TMR1L                             0000000E
TMR1ON                            00000000
TMR2                              00000011
TMR2IE                            00000001
TMR2IF                            00000001
TMR2ON                            00000002
TOUTPS0                           00000003
TOUTPS1                           00000004
TOUTPS2                           00000005
TOUTPS3                           00000006
TRISA                             00000085
TRISB                             00000086
TRMT                              00000001
TX9                               00000006
TX9D                              00000000
TXEN                              00000005
TXIE                              00000004
TXIF                              00000004
TXREG                             00000019
TXSTA                             00000098
VR0                               00000000
VR1                               00000001
VR2                               00000002
VR3                               00000003
VRCON                             0000009F
VREN                              00000007
VROE                              00000006
VRR                               00000005
W                                 00000000
WR                                00000001
WREN                              00000002
WRERR                             00000003
Z                                 00000002
_.org_0_012D                      0000012D
_BODEN_OFF                        00003FBF
_BODEN_ON                         00003FFF
_CP_50                            00002BFF
_CP_75                            000017FF
_CP_ALL                           000003FF
_CP_OFF                           00003FFF
_DATA_CP_OFF                      00003FFF
_DATA_CP_ON                       00003EFF
_ER_OSC_CLKOUT                    00003FFF
_ER_OSC_NOCLKOUT                  00003FFE
MPASM  5.20                        TUT3_4.ASM   9-4-2009  13:58:45         PAGE 14


SYMBOL TABLE
  LABEL                             VALUE 

_EXTCLK_OSC                       00003FEF
_HS_OSC                           00003FEE
_INTRC_OSC_CLKOUT                 00003FFD
_INTRC_OSC_NOCLKOUT               00003FFC
_LP_OSC                           00003FEC
_LVP_OFF                          00003F7F
_LVP_ON                           00003FFF
_MCLRE_OFF                        00003FDF
_MCLRE_ON                         00003FFF
_PWRTE_OFF                        00003FFF
_PWRTE_ON                         00003FF7
_WDT_OFF                          00003FFB
_WDT_ON                           00003FFF
_XT_OSC                           00003FED
__16F84A                          00000001
change                            00000000
count                             00000020
count1                            00000021
counta                            00000022
countb                            00000023
d0                                00000127
d1                                00000128
flags                             00000028
menupos                           00000029
templcd                           00000026
templcd2                          00000027
tmp1                              00000024
tmp2                              00000025

Errors   :     1
Warnings :     1 reported,     0 suppressed
Messages :     1 reported,     2 suppressed

